C:\Users\Domen\Documents\MULTIMEDIJA\Diploma\Implementation\FreeRTOS_implementation_Mobilenet_Project_Gorkem_Salman\frdmmcxn947_tflm_label_image_cm33_core0\drivers/fsl_clock.h:1489:20:CLOCK_EnableClock	24	static
C:\Users\Domen\Documents\MULTIMEDIJA\Diploma\Implementation\FreeRTOS_implementation_Mobilenet_Project_Gorkem_Salman\frdmmcxn947_tflm_label_image_cm33_core0\drivers/fsl_port.h:360:20:PORT_SetPinConfig	32	static
../board/pin_mux.c:35:6:BOARD_InitBootPins	8	static
../board/pin_mux.c:63:6:BOARD_InitPins	24	static
