C:\Users\Domen\Documents\MULTIMEDIJA\Diploma\Implementation\FreeRTOS_implementation_Mobilenet_Project_Gorkem_Salman\frdmmcxn947_tflm_label_image_cm33_core0\CMSIS/core_cm33.h:2346:26:__NVIC_GetPriorityGrouping	4	static
C:\Users\Domen\Documents\MULTIMEDIJA\Diploma\Implementation\FreeRTOS_implementation_Mobilenet_Project_Gorkem_Salman\frdmmcxn947_tflm_label_image_cm33_core0\CMSIS/core_cm33.h:2555:22:__NVIC_SetPriority	16	static
C:\Users\Domen\Documents\MULTIMEDIJA\Diploma\Implementation\FreeRTOS_implementation_Mobilenet_Project_Gorkem_Salman\frdmmcxn947_tflm_label_image_cm33_core0\CMSIS/core_cm33.h:2602:26:NVIC_EncodePriority	40	static
C:\Users\Domen\Documents\MULTIMEDIJA\Diploma\Implementation\FreeRTOS_implementation_Mobilenet_Project_Gorkem_Salman\frdmmcxn947_tflm_label_image_cm33_core0\CMSIS/core_cm33.h:3108:26:SysTick_Config	16	static
../source/timer.c:41:6:TIMER_Init	16	static
../source/timer.c:48:5:TIMER_GetTimeInUS	16	static
C:/nxp/MCUXpressoIDE_24.12.148/ide/plugins/com.nxp.mcuxpresso.tools.win32_24.12.0.202407110909/tools/arm-none-eabi/include/sys/time.h:432:5:gettimeofday	32	static
